main.c:119:5:main	16	static
main.c:406:6:SystemClock_Config	88	static
main.c:450:13:MX_I2C1_Init	8	static
main.c:484:13:MX_TIM1_Init	96	static
main.c:559:13:MX_TIM2_Init	48	static
main.c:608:13:MX_TIM3_Init	64	static
main.c:667:13:MX_TIM4_Init	64	static
main.c:726:13:MX_TIM5_Init	48	static
main.c:784:13:MX_USART2_UART_Init	8	static
main.c:817:13:MX_GPIO_Init	48	static
main.c:851:6:Move_Backward	16	static
main.c:867:6:Move_Forward	24	static
main.c:886:6:Turn_Right	16	static
main.c:902:6:Turn_Left	16	static
main.c:916:6:Stop_Moving	4	static
main.c:929:6:Turn_To_Face	16	static
main.c:946:9:Scan_Region_Obstacles	112	static
main.c:987:9:Scan_Region_Brightness	80	static
main.c:1029:6:Set_Angle	32	static
main.c:1043:9:Read_Brightness	16	static
main.c:1074:6:Read_Distance	8	static
main.c:1086:6:HAL_TIM_IC_CaptureCallback	16	static
main.c:1117:6:Error_Handler	4	static
