main.c:120:5:main	16	static
main.c:383:6:SystemClock_Config	88	static
main.c:427:13:MX_I2C1_Init	8	static
main.c:461:13:MX_TIM1_Init	96	static
main.c:536:13:MX_TIM2_Init	48	static
main.c:585:13:MX_TIM3_Init	64	static
main.c:644:13:MX_TIM4_Init	64	static
main.c:703:13:MX_TIM5_Init	48	static
main.c:761:13:MX_USART2_UART_Init	8	static
main.c:794:13:MX_GPIO_Init	48	static
main.c:828:6:Move_Backward	16	static
main.c:844:6:Move_Forward	24	static
main.c:863:6:Turn_Right	16	static
main.c:879:6:Turn_Left	16	static
main.c:893:6:Stop_Moving	4	static
main.c:906:6:Turn_To_Face	16	static
main.c:923:9:Scan_Region_Obstacles	112	static
main.c:964:9:Scan_Region_Brightness	80	static
main.c:1006:6:Set_Angle	32	static
main.c:1020:9:Read_Brightness	16	static
main.c:1051:6:Read_Distance	16	static
main.c:1063:6:HAL_TIM_IC_CaptureCallback	16	static
main.c:1094:6:Error_Handler	4	static
